bun test v1.4.2 (744846f84)

scripts/flash-owner-lifecycle.test.mjs:
[Flash] Instance bridge-owner-a:g1:7 creation started (pending: 1)
Flash data first 50 bytes for 2:3: [70, 87, 83, 9]
Flash data as string: "FWS	"
Found SWF signature at offset 0: FWS
[Flash] Instance bridge-owner-a:g1:7 loaded, waiting for SWF ActionScript to initialize...
[Flash] Instance bridge-owner-a:g1:7 fully ready (pending: 0)
[Flash] Instance bridge-owner-b:g1:7 creation started (pending: 1)
Flash data first 50 bytes for 2:3: [70, 87, 83, 9]
Flash data as string: "FWS	"
Found SWF signature at offset 0: FWS
[Flash] Instance bridge-owner-b:g1:7 loaded, waiting for SWF ActionScript to initialize...
[Flash] Instance bridge-owner-b:g1:7 fully ready (pending: 0)
(pass) production initFlashBridge uses owner routes and per-instance callbacks [17.83ms]
(pass) initFlashBridge routes every owner operation by exact owner generation [2.48ms]
(pass) generation-aware Flash routes return typed results and reject stale generations [0.56ms]
(pass) readiness route fences replacement during ready observation and error formatting [0.37ms]
(pass) generation-aware Flash route fences a reentrant same-sprite replacement [0.41ms]
(pass) generation-aware Flash route rejects a reserved replacement before invoking the old instance [0.10ms]
(pass) not-ready generation route reports pending without queueing or host side effects [0.08ms]
(pass) owned routes preserve a reserved generation before instance publication [0.13ms]
(pass) reserved route revalidates a reentrant authority invalidation before pending result [0.07ms]
(pass) generation-aware Flash route fences replacement of the registered host object [0.07ms]
(pass) generation-aware Flash route fences a thenable getter that replaces the instance [0.07ms]
(pass) generation-aware JS API wrappers do not fall back to legacy callbacks [0.04ms]
(pass) generation-aware JS API wrappers preserve get mode and readiness arguments [0.06ms]
(pass) owner seek pins are isolated from same-number stop and rewind operations [0.37ms]
(pass) deferred seek cannot act on a replaced same-owner instance [0.14ms]
(pass) duplicate active owner registration is rejected and original remains usable [0.62ms]
(pass) owner registration rejects a capability without binding authority [0.06ms]
(pass) capability failure unregisters the retired generation for reuse [0.07ms]
(pass) late old registration disposal preserves same-key replacement resources [0.08ms]
(pass) production owner routing drops a disposed owner on non-LIFO teardown [0.07ms]
(pass) owner scripted access waits are counted per host and survive partial completion [0.05ms]
(pass) owned completion tickets cannot retire a different scripted wait [0.02ms]
[Flash] Instance before-instance-a:g1:7 creation started (pending: 1)
Flash data first 50 bytes for 2:3: [70, 87, 83, 9]
Flash data as string: "FWS	"
Found SWF signature at offset 0: FWS
[Flash] Instance before-instance-a:g1:7 loaded, waiting for SWF ActionScript to initialize...
[Flash] Instance before-instance-a:g1:7 fully ready (pending: 0)
(pass) owned Flash operations queue before instance creation and drain only their owner [3.19ms]
[Flash] Instance queued-frame-play:g1:8 creation started (pending: 1)
Flash data first 50 bytes for 2:3: [70, 87, 83, 9]
Flash data as string: "FWS	"
Found SWF signature at offset 0: FWS
[Flash] Instance queued-frame-play:g1:8 loaded, waiting for SWF ActionScript to initialize...
[Flash] Instance queued-frame-play:g1:8 fully ready (pending: 0)
[Flash] Instance queued-frame-stop:g1:8 creation started (pending: 1)
Flash data first 50 bytes for 2:3: [70, 87, 83, 9]
Flash data as string: "FWS	"
Found SWF signature at offset 0: FWS
[Flash] Instance queued-frame-stop:g1:8 loaded, waiting for SWF ActionScript to initialize...
[Flash] Instance queued-frame-stop:g1:8 fully ready (pending: 0)
(pass) owned queued goto and gotoAndStop preserve their distinct frame intent [7.67ms]
[Flash] Instance owner-a:g1:7 creation started (pending: 1)
Flash data first 50 bytes for 2:3: [70, 87, 83, 9]
Flash data as string: "FWS	"
Found SWF signature at offset 0: FWS
[Flash] Instance owner-a:g1:7 loaded, waiting for SWF ActionScript to initialize...
[Flash] Instance owner-a:g1:7 fully ready (pending: 0)
[Flash] Instance owner-b:g1:7 creation started (pending: 1)
Flash data first 50 bytes for 2:3: [70, 87, 83, 9]
Flash data as string: "FWS	"
Found SWF signature at offset 0: FWS
[Flash] Instance owner-b:g1:7 loaded, waiting for SWF ActionScript to initialize...
[Flash] Instance owner-b:g1:7 fully ready (pending: 0)
(pass) production FlashOwnerHost isolates overlapping sprites and tears down reentrantly [5.81ms]
(pass) production registration rejects creation after disposal and clears pending owner work [0.60ms]
(pass) instance generation exhaustion fails without wrapping to a live alias [0.22ms]
(pass) same-owner re-registration keeps capability generations monotonic [0.16ms]
(pass) browser bridge unregisters before a delayed manager import publishes an owner [52.28ms]
[Flash] Instance owner-flight:g1:8 creation started (pending: 1)
Flash data first 50 bytes for 2:3: [70, 87, 83, 9]
Flash data as string: "FWS	"
Found SWF signature at offset 0: FWS
[Flash] Instance owner-flight:g1:8 fully ready (pending: 0)
(pass) browser bridge retires an in-flight production creation after owner disposal [3504.54ms]
[Flash] Instance owner-replace-flight:g1:9 creation started (pending: 1)
Flash data first 50 bytes for 2:3: [70, 87, 83, 9]
Flash data as string: "FWS	"
Found SWF signature at offset 0: FWS
[Flash] Instance owner-replace-flight:g1:9 creation started (pending: 2)
Flash data first 50 bytes for 2:3: [70, 87, 83, 9]
Flash data as string: "FWS	"
Found SWF signature at offset 0: FWS
[Flash] Instance owner-replace-flight:g1:9 fully ready (pending: 1)
[Flash] Instance owner-replace-flight:g1:9 fully ready (pending: 0)
(pass) same-owner replacement invalidates an unpublished Flash generation [4.61ms]
[Flash] Instance owner-unload-flight:g1:10 creation started (pending: 1)
Flash data first 50 bytes for 2:3: [70, 87, 83, 9]
Flash data as string: "FWS	"
Found SWF signature at offset 0: FWS
[Flash] Instance owner-unload-flight:g1:10 fully ready (pending: 0)
(pass) unloading a pending Flash creation invalidates its reserved generation [12.53ms]
(pass) owner-qualified bridge callbacks remain routed after a later owner registers [51.45ms]
[Flash] Instance direct-owner-a:g1:11 creation started (pending: 1)
Flash data first 50 bytes for 2:3: [70, 87, 83, 9]
Flash data as string: "FWS	"
Found SWF signature at offset 0: FWS
[Flash] Instance direct-owner-a:g1:11 loaded, waiting for SWF ActionScript to initialize...
[Flash] Instance direct-owner-a:g1:11 fully ready (pending: 0)
[Flash] Instance direct-owner-b:g1:11 creation started (pending: 1)
Flash data first 50 bytes for 2:3: [70, 87, 83, 9]
Flash data as string: "FWS	"
Found SWF signature at offset 0: FWS
[Flash] Instance direct-owner-b:g1:11 loaded, waiting for SWF ActionScript to initialize...
[Flash] Instance direct-owner-b:g1:11 fully ready (pending: 0)
(pass) direct Ruffle players bind distinct owners before their first load [5.82ms]

 34 pass
 0 fail
Ran 34 tests across 1 file. [3.82s]
