
running 573 tests
test director::chunks::pfr1::bit_reader::tests::test_read_u16 ... ok
test director::chunks::pfr1::bit_reader::tests::test_save_restore ... ok
test director::chunks::pfr1::bit_reader::tests::test_read_u8 ... ok
test director::chunks::pfr1::bit_reader::tests::test_read_bits ... ok
test director::chunks::pfr1::bit_reader::tests::test_read_bits_signed ... ok
test director::chunks::score::tests::d4_sprite_record_layout ... ok
test director::chunks::score::tests::d4_is_not_d5 ... ok
test director::chunks::w3d::text3d::tests::signed_area_orientation ... ok
test director::chunks::w3d::text3d::tests::display_face_tunnel_only_has_no_cap_planes ... ok
test director::chunks::xtra_list::tests::handles_filename_without_display ... ok
test director::chunks::w3d::text3d::tests::display_face_front_only_omits_back_and_tunnel ... ok
test director::chunks::w3d::text3d::tests::round_bevel_produces_more_rings_than_miter ... ok
test director::chunks::w3d::text3d::tests::concave_l_shape_fills ... ok
test director::chunks::xtra_list::tests::finds_multiple_entries_with_garbage_between ... ok
test director::chunks::xtra_list::tests::skips_filename_with_garbage_bytes ... ok
test director::chunks::xtra_list::tests::parses_single_entry ... ok
test director::chunks::w3d::text3d::tests::miter_bevel_insets_tunnel_and_keeps_full_caps ... ok
test director::chunks::w3d::text3d::tests::square_with_hole_caps_are_hollow ... ok
test director::lingo::decompiler::tokenizer::tests::test_tokenize_number ... ok
test director::chunks::w3d::text3d::tests::vectorize_filled_square_one_contour ... ok
test director::lingo::decompiler::tokenizer::tests::test_tokenize_comment ... ok
test director::chunks::w3d::text3d::tests::vectorize_aa_edge_no_sawtooth ... ok
test director::chunks::w3d::text3d::tests::vectorize_square_with_hole_two_contours_and_hollow_cap ... ok
test director::lingo::decompiler::tokenizer::tests::test_tokenize_simple ... ok
test director::lingo::decompiler::tokenizer::tests::test_tokenize_symbol ... ok
test director::lingo::decompiler::tokenizer::tests::test_tokenize_string ... ok
test js_api::native_snapshot_tests::native_debug_description_is_utf8_safe_and_bounded ... ok
test director::lingo::datum::conversion_tests::string_value_cow_keeps_float_unsupported ... ok
test director::lingo::datum::conversion_tests::string_conversion_uses_authoritative_table_and_rejects_foreign_symbols ... ok
test player::allocator::ownership_tests::allocator_drop_invalidates_external_handles_before_arena_drop ... ok
test player::allocator::ownership_tests::allocators_are_isolated_when_created_inside_threads ... ok
test js_api::native_snapshot_tests::native_wide_debug_value_is_bounded ... ok
test director::lingo::datum::conversion_tests::chunk_symbols_preserve_singular_and_plural_aliases ... ok
test player::allocator::ownership_tests::arena_rejects_zero_based_insert_ids - should panic ... ok
test player::allocator::ownership_tests::bitmap_effect_is_reclaimed_by_owner_queue ... ok
test player::allocator::ownership_tests::bitmap_refcount_overflow_rolls_back_without_arena_entry ... ok
test player::allocator::ownership_tests::deferred_reclaim_reaches_children ... ok
test player::allocator::ownership_tests::foreign_and_stale_bitmap_allocation_reject_without_mutation ... ok
test player::allocator::ownership_tests::nested_list_and_proplist_reclaim_bitmap_once ... ok
test player::allocator::ownership_tests::foreign_handles_are_rejected_before_arena_access ... ok
test player::allocator::ownership_tests::pooled_handles_are_owner_validated_across_reset ... ok
test player::allocator::ownership_tests::reset_owner_generation_exhaustion_fails_before_allocator_mutation ... ok
test player::allocator::ownership_tests::reset_preserves_anchored_pixels_and_invalidates_old_bitmap_handle ... ok
test player::allocator::ownership_tests::reset_releases_remaining_ephemeral_bitmaps_before_epoch_change ... ok
test player::allocator::ownership_tests::stale_clone_is_safe_after_reset_and_id_reuse ... ok
test player::allocator::ownership_tests::script_instance_refs_reclaim_without_active_player ... ok
test player::allocator::ownership_tests::reset_unwind_invalidates_handles_and_rejects_allocations_until_recovery ... ok
test player::allocator::ownership_tests::string_chunk_reclaims_unshared_source_but_preserves_retained_child ... ok
test player::allocator::ownership_tests::timeout_instance_reclaims_owned_children_but_preserves_retained_script_datum ... ok
test player::allocator::ownership_tests::stale_chunk_timeout_drops_cannot_reclaim_replacements_or_neighbor_owner ... ok
test player::bitmap::bitmap::crop_tests::crop_outside_the_source_is_transparent ... ok
test player::bitmap::bitmap::crop_tests::crop_keeps_the_alpha_channel ... ok
test player::allocator::ownership_tests::typed_replacement_requires_exact_live_non_pooled_target ... ok
test player::bitmap::drawing::ink_colour_tests::darken_remaps_black_to_fore_and_white_to_back ... ok
test player::bitmap::drawing::ink_colour_tests::lighten_adds_the_fore_colour ... ok
test player::bitmap::drawing::ink_colour_tests::lighten_still_keys_the_background_colour ... ok
test player::allocator::ownership_tests::typed_replacement_rejects_foreign_stale_and_bitmap_targets ... ok
test player::bitmap::manager::tests::bitmap_generation_exhaustion_leaves_manager_state_unchanged ... ok
test player::bitmap::manager::tests::bitmap_id_exhaustion_leaves_manager_state_unchanged ... ok
test player::bitmap::drawing::shrink_sampling_tests::an_authored_bitmap_shrinks_by_the_floor_rule ... ok
test player::bitmap::drawing::shrink_sampling_tests::everything_else_keeps_the_centre_rule ... ok
test player::bitmap::manager::tests::checked_refcount_overflow_and_underflow_leave_state_unchanged ... ok
test player::bitmap::manager::tests::copy_normalizes_indexed_pixels_with_source_palette_and_colliding_ids ... ok
test player::bitmap::manager::tests::copy_missing_member_palette_uses_explicit_fallback_and_is_independent ... ok
test player::bitmap::manager::tests::copy_default_palette_uses_explicit_builtin_without_ambient_lookup ... ok
test player::bitmap::manager::tests::rotation_and_drop_invalidate_old_handles_without_clearing_local_bitmaps ... ok
test player::bitmap::manager::tests::copy_requires_source_capability_and_creates_independent_bitmap ... ok
test player::bitmap::manager::tests::handles_reject_same_id_from_another_manager_before_access ... ok
test player::bitmap::manager::tests::stale_ephemeral_handle_cannot_decrement_missing_bitmap ... ok
test player::bitmap::manager::tests::stale_handle_rejects_mutation_and_refcount_after_rotation ... ok
test player::bytecode::expression_tracker::tests::dynamic_literal_uses_session_symbol_display ... ok
test js_api::native_snapshot_tests::native_member_snapshot_uses_filmloop_score_and_typed_media_fields ... ok
test js_api::native_snapshot_tests::native_member_snapshot_includes_script_shape_and_checked_errors ... ok
test js_api::native_snapshot_tests::native_nested_foreign_list_and_proplist_are_rejected ... ok
test js_api::native_snapshot_tests::native_datum_snapshot_handles_cycles_depth_and_wide_lists ... ok
test js_api::native_snapshot_tests::native_error_and_mailbox_state_is_bounded_across_reset_remove ... ok
test js_api::native_snapshot_tests::native_foreign_symbol_and_stale_script_are_rejected ... ok
test player::bytecode::compare::tests::symbol_not_equal_fast_path_rejects_two_foreign_symbols ... ok
test player::bytecode::get_set::property_read_tests::chained_property_accepts_void_as_the_missing_object_sentinel ... ok
test player::bytecode::compare::tests::symbol_fast_paths_validate_owner_before_identity_compare ... ok
test player::bytecode::sprite_compare::tests::onto_and_into_use_real_sprite_channels_with_explicit_context ... ok
test player::bytecode::sprite_compare::tests::diagnostic_fallback_does_not_propagate_formatter_failure ... ok
test player::bytecode::stack::tests::push_chunk_var_ref_rejects_stale_scope_before_popping ... ok
test player::bytecode::sprite_compare::tests::stale_sprite_scope_aborts_before_stack_pop ... ok
test player::bytecode::stack::tests::push_chunk_var_ref_passes_session_symbols_to_field_lookup ... ok
test player::bytecode::string::tests::join_str_opcode_uses_canonical_null_conversion ... ok
test player::bytecode::string::tests::put_chunk_rejects_foreign_field_operands_before_swallowing_lookup_errors ... ok
test player::bytecode::get_set::property_read_tests::global_get_rejects_foreign_name_before_stack_mutation ... ok
test player::bytecode::sprite_compare::tests::sprite_operands_reject_foreign_symbols_and_outer_refs ... ok
test player::cast_lib::name_index_tests::canceled_load_rejects_late_completion_and_allows_restart ... ok
test player::bytecode::string::tests::custom_concat_keeps_null_distinct_from_canonical_join_and_preserves_symbol_spelling ... ok
test player::bytecode::get_set::property_read_tests::getter_callback_cannot_write_replacement_scope_on_success_or_error ... ok
test player::cast_lib::name_index_tests::cast_properties_resolve_through_the_supplied_symbol_table ... ok
test player::cast_lib::name_index_tests::manager_cancellation_only_removes_exact_preload_requirement ... ok
test player::cast_lib::name_index_tests::index_invalidates_on_rename_and_remove ... ok
test player::cast_lib::name_index_tests::movie_handler_cache_keeps_first_cast_source ... ok
test player::cast_lib::name_index_tests::find_by_name_is_case_insensitive_and_lowest_number_wins ... ok
test player::commands::eval_cleanup_tests::stale_after_work_completion_cancels_exact_eval_action ... ok
test player::commands::eval_cleanup_tests::forged_eval_action_is_preserved_for_the_real_completion ... ok
test player::compare::tests::foreign_symbols_are_rejected_by_equality_and_ordering ... ok
test player::commands::raw_flash_tests::duplicate_stored_path_uses_final_string_value ... ok
test player::commands::raw_flash_tests::duplicate_stored_path_final_nonstring_stays_property_list ... ok
test player::compare::tests::nested_comparisons_check_owned_references_and_preserve_void ... ok
test player::compare::tests::sort_symbol_preflight_terminates_on_cyclic_singleton_list ... ok
test player::commands::multiuser_socket_command_tests::stale_and_foreign_socket_events_are_successful_noops ... ok
test player::compare::tests::prop_list_comparison_checks_keys_and_values_but_short_circuits ... ok
test player::compare::tests::foreign_3d_names_are_rejected ... ok
test player::compiled::tests::breakpoint_on_ir_native_op_escapes_to_the_interpreter ... ok
test player::compiled::tests::run_handler_param_plus_one ... ok
test player::compiled::tests::compiled_symbol_operations_reject_foreign_table_symbols ... ok
test player::compiled::tests::noninteger_runner_uses_the_same_owner_and_copies_strings ... ok
test player::compiled::tests::compile_escapes_unsupported_opcode_and_resumes ... ok
test player::compiled::tests::run_handler_counted_loop_sum ... ok
test player::compiled::tests::stale_or_foreign_token_rejects_without_mutating_scope ... ok
test player::compare::tests::sort_preflights_foreign_symbols_and_preserves_valid_stability ... ok
test player::cursor_reset_tests::a_new_movie_starts_with_the_arrow ... ok
test player::datum_duplicate::tests::duplicate_copies_repeated_children_per_occurrence ... ok
test player::context_vars::tests::foreign_field_identifier_is_rejected_before_lookup_or_logging ... ok
test player::datum_duplicate::tests::duplicate_bitmap_copy_is_independent ... ok
test player::datum_duplicate::tests::duplicate_deep_acyclic_list_is_iterative ... ok
test player::datum_duplicate::tests::duplicate_rejects_indirect_list_proplist_cycle ... ok
test player::datum_duplicate::tests::duplicate_rejects_self_cycle_before_destination_mutation ... ok
test player::cursor_reset_tests::dropped_frame_guard_clears_only_its_captured_owner ... ok
test player::datum_duplicate::tests::duplicate_preserves_void_children_and_sorted_proplist_order ... ok
test player::datum_operations::tests::concatenation_preserves_authoritative_symbol_spelling ... ok
test player::datum_formatting::tests::formats_authoritative_nested_list_and_proplist_names ... ok
test player::driver::tests::checked_internal_datum_rejects_nested_foreign_and_stale_script_refs ... ok
test player::driver::tests::child_frame_failure_leaves_parent_pc_advanced_once_then_unwinds ... ok
test player::driver::tests::child_success_advances_parent_once_and_delivers_return ... ok
test player::datum_operations::tests::arithmetic_symbol_coercion_uses_table_and_rejects_foreign_symbols ... ok
test player::datum_formatting::tests::rejects_foreign_symbol_even_when_nested ... ok
test player::cursor_reset_tests::owned_init_orders_timeout_before_exit_and_marks_begin_sprite_channel ... ok
test player::driver::tests::epoch_invalidation_rejects_same_slot_and_generation ... ok
test player::driver::tests::empty_handler_pc_is_normal_completion ... ok
test player::driver::tests::final_advance_finishes_without_incrementing_pc ... ok
test player::cursor_reset_tests::suspended_owned_frame_drop_does_not_touch_replacement ... ok
test player::driver::tests::early_virtual_child_advances_parent_without_pushing_frame ... ok
test player::driver::tests::internal_decode_rejects_missing_argument_marker_without_action ... ok
test player::driver::tests::internal_ext_call_cancel_balances_legacy_layer ... ok
test player::driver::tests::get_chained_prop_defers_only_owner_bound_receivers_once ... ok
test player::driver::tests::foreign_capability_and_stale_scope_do_not_consume_action ... ok
test player::driver::tests::internal_ext_call_preserves_name_args_return_and_duplicate_guard ... ok
test player::driver::tests::internal_ext_call_sync_voidp_no_return_updates_scope_without_stack_result ... ok
test player::driver::tests::internal_ext_call_unknown_handler_errors_without_pending ... ok
test player::cursor_reset_tests::suspended_owned_frame_future_does_not_touch_replacement ... ok
test player::driver::tests::internal_ext_call_layer_does_not_touch_replacement_or_reset_depth ... ok
test player::driver::tests::internal_global_rejects_foreign_completion_without_consuming_ticket ... ok
test player::driver::tests::internal_obj_call_v4_js_receiver_wins_over_same_named_global_once ... ok
test player::driver::tests::internal_new_obj_normalizes_script_and_ignores_no_return ... ok
test player::driver::tests::internal_obj_call_v4_preserves_global_precedence_with_no_return ... ok
test player::driver::tests::internal_global_script_child_uses_raw_args_and_tears_down ... ok
test player::driver::tests::internal_return_resets_bare_value_and_stops_handler ... ok
test player::driver::tests::internal_global_virtual_new_precedes_async_builtin_and_reset_decline_aborts ... ok
test player::driver::tests::internal_global_rejects_foreign_cached_stage_instance_list ... ok
test player::driver::tests::internal_obj_call_v4_uses_stack_name_and_updates_last_result ... ok
test player::driver::tests::internal_obj_call_v4_rejects_foreign_global_during_precedence_scan ... ok
test player::driver::tests::internal_tell_local_return_resets_bare_value_and_stops_handler ... ok
test player::driver::tests::internal_tell_local_sync_result_updates_scope_last_and_depth ... ok
test player::driver::tests::internal_set_property_completion_ignores_result_and_last_handler ... ok
test player::driver::tests::invalidated_pending_turn_retires_without_touching_replacement ... ok
test player::driver::tests::internal_tell_rejects_replaced_target_identity ... ok
test player::driver::tests::internal_tell_rejects_reset_target_owner ... ok
test player::driver::tests::missing_child_handler_errors_after_parent_pc_advanced_once ... ok
test player::driver::tests::local_call_runs_synchronously_and_driver_advances_parent_once ... ok
test player::driver::tests::non_top_scope_does_not_consume_action ... ok
test player::driver::tests::internal_tell_local_call_updates_scope_and_nested_no_return_ignores_result ... ok
test player::driver::tests::nonfinal_advance_increments_once_then_honors_stop_requested ... ok
test player::driver::tests::obj_call_color_and_math_dispatch_synchronously ... ok
test player::driver::tests::obj_call_completion_rejects_foreign_result_and_replacement_scope ... ok
test player::driver::tests::obj_call_completion_rejects_same_owner_malformed_and_foreign_symbol_results ... ok
test player::driver::tests::obj_call_list_dispatch_mutates_and_honors_no_return ... ok
test player::driver::tests::obj_call_handled_error_balances_handler_depth ... ok
test player::driver::tests::obj_call_point_error_does_not_mutate_receiver_or_depth ... ok
test player::driver::tests::obj_call_point_dispatches_count_synchronously ... ok
test player::driver::tests::obj_call_unsupported_keeps_real_payload_and_applies_owned_result_once ... ok
test player::driver::tests::session_completion_rejection_keeps_driver_and_ticket ... ok
test player::driver::tests::obj_call_void_dispatches_count_and_unknown_no_return_synchronously ... ok
test player::driver::tests::obj_call_vector_set_get_rejects_foreign_nested_input ... ok
test player::driver::tests::obj_call_point_set_get_preserves_flags_and_rejects_foreign_input ... ok
test player::driver::tests::obj_call_rect_set_get_preserves_flags_and_rejects_foreign_input ... ok
test player::driver::tests::removing_and_readding_player_retires_old_owner_action ... ok
test player::driver::tests::stale_child_finish_does_not_unwind_valid_parent ... ok
test player::eval::tests::cancelled_eval_capability_is_shared_without_numeric_aliasing ... ok
test player::driver::tests::stale_driver_removal_preserves_current_scope_bookkeeping ... ok
test player::driver::tests::set_obj_prop_cast_load_uses_cast_ticket_before_write_completion ... ok
test player::driver::tests::stale_parent_rejects_child_without_mutating_replacement ... ok
test player::eval::tests::closed_owner_queue_keeps_logical_cancellation_fence ... ok
test player::driver::tests::terminal_error_unwinds_current_and_parent_frames_and_actions ... ok
test player::driver::tests::obj_call_string_and_string_chunk_dispatch_synchronously ... ok
test player::driver::tests::wrong_completion_preserves_pending_ticket_then_owned_result_resumes ... ok
test player::eval::tests::owned_eval_chunk_fallback_re_evaluates_original_target ... ok
test player::eval::tests::owned_command_lazily_reports_later_parse_error_after_prior_assignment ... ok
test player::eval::tests::cancellation_guard_rejects_foreign_owner_and_colliding_id ... ok
test player::eval::tests::owned_eval_chunk_delete_and_put_preserve_source_and_concat_formatting ... ok
test player::eval::tests::owned_eval_invalid_chunk_start_skips_later_end_side_effect ... ok
test player::eval::tests::owned_eval_pending_keeps_args_and_resumes_parent_frames_once ... ok
test player::eval::tests::owned_command_last_pending_line_returns_its_completion ... ok
test player::eval::tests::owned_eval_preserves_noncommutative_and_list_order ... ok
test player::eval::tests::owned_eval_chunk_read_preserves_ranged_output ... ok
test player::eval::tests::owned_eval_rejects_previous_action_after_next_wait_is_issued ... ok
test player::eval::tests::owned_eval_root_completion_returns_value ... ok
test player::eval::tests::parser_uses_builtin_chunk_type_without_session_context ... ok
test player::eval::tests::owned_eval_indexed_js_assignment_requeues_updated_property ... ok
test player::eval::tests::owned_value_modes_preserve_fallback_and_empty_global ... ok
test player::eval::tests::owned_eval_rejects_foreign_completion_without_consuming_pending_request ... ok
test player::eval::tests::owned_value_rejects_string_chunk_with_foreign_datum_source ... ok
test player::eval::tests::owned_value_unknown_identifier_is_void_while_breakpoint_is_active ... ok
test player::eval::tests::owned_value_allows_legacy_constructors_but_blocks_handler_calls ... ok
test player::eval::tests::pumped_external_load_drop_cancels_waiter_after_shared_borrow ... ok
test player::eval::tests::rejected_complete_eval_keeps_pending_ticket ... ok
test player::eval::tests::owned_value_preserves_operands_and_rejects_foreign_source ... ok
test player::eval::tests::owned_eval_rejects_foreign_element_exposed_by_local_list ... ok
test player::eval::tests::static_eval_not_true_is_false ... ok
test player::eval::tests::owned_value_unknown_and_case_insensitive_globals_match_static_semantics ... ok
test player::eval::tests::polled_request_drop_defers_exact_cleanup_until_borrow_release ... ok
test player::eval::tests::static_eval_evaluates_nested_arithmetic_in_explicit_context ... ok
test player::eval::tests::static_eval_unknown_identifier_is_void ... ok
test player::eval::tests::static_eval_rejects_foreign_symbol_in_global_value ... ok
test player::eval::tests::static_eval_rejects_symbol_from_another_session ... ok
test player::eval::tests::static_eval_uses_explicit_context_for_nested_values ... ok
test player::events::owned_event_scope_tests::global_dispatch_rejects_a_retired_owner_before_handler_lookup ... ok
test player::events::owned_event_scope_tests::nested_event_scopes_restore_the_saved_stop_state ... ok
test player::eval::tests::synchronous_owned_callback_success_and_error_keep_terminal_guards_inert ... ok
test player::events::owned_event_scope_tests::global_dispatch_uses_a_real_owner_scope_and_restores_outer_state ... ok
test player::events::owned_event_scope_tests::queued_targeted_event_drop_after_suspend_cancels_old_owner ... ok
test player::events::owned_event_scope_tests::queued_targeted_event_falls_back_to_static_scripts_for_empty_instances ... ok
test player::events::owned_event_scope_tests::owned_begin_sprite_returns_channels_and_unmarked_remainder ... ok
test player::events::owned_event_scope_tests::global_event_keeps_later_behaviors_and_skips_static_fallback ... ok
test player::events::owned_event_scope_tests::global_event_stop_event_breaks_even_when_handler_passes ... ok
test player::events::owned_event_scope_tests::queued_targeted_event_rejects_a_retired_owner ... ok
test player::events::owned_event_scope_tests::queued_targeted_event_preserves_stop_event_across_behaviors ... ok
test player::events::owned_event_scope_tests::queued_targeted_event_reports_foreign_instance_lookup_error ... ok
test player::events::owned_event_scope_tests::queued_targeted_event_uses_captured_owner_for_all_behaviors ... ok
test player::events::w3d_clock_tests::clocks_are_independent_and_resettable ... ok
test player::events::owned_event_scope_tests::queued_targeted_event_reports_static_fallback_error_once ... ok
test player::events::owned_event_scope_tests::targeted_event_preserves_stop_event_and_rejects_missing_sprite ... ok
test player::events::owned_event_scope_tests::score_context_scope_restores_and_rejects_stale_cleanup ... ok
test player::events::w3d_clock_tests::dirty_transform_input_is_owner_qualified ... ok
test player::events::owned_event_scope_tests::stop_cleanup_reports_callback_error_once_and_consumes_replay ... ok
test player::events::owned_event_scope_tests::targeted_event_keeps_later_behaviors_and_skips_static_fallback ... ok
test player::events::owned_event_scope_tests::stale_scope_cleanup_cannot_change_a_replacement_player ... ok
test player::events::w3d_clock_tests::timer_preserves_registration_order_and_repetition_deadlines ... ok
test player::flash_binding_state_tests::generations_are_monotonic_and_old_invalidation_cannot_remove_replacement ... ok
test player::flash_binding_state_tests::invalid_inputs_and_safe_integer_exhaustion_do_not_mutate_state ... ok
test player::events::w3d_clock_tests::foreign_dirty_input_is_rejected_by_collision_prep ... ok
test player::flash_binding_state_tests::captured_flash_cast_pair_replacement_is_rejected_before_native_transport ... ok
test player::events::w3d_clock_tests::foreign_dynamic_symbols_and_table_folding_are_validated ... ok
test player::events::w3d_clock_tests::foreign_due_timer_handler_is_rejected_before_consumption ... ok
test player::events::w3d_clock_tests::dirty_transform_flush_updates_matched_finite_only ... ok
test player::events::owned_event_scope_tests::w3d_static_dispatch_keeps_target_args_and_skips_behaviors ... ok
test player::flash_binding_state_tests::stale_invalidation_cannot_resurrect_a_replacement ... ok
test player::events::w3d_clock_tests::collision_prep_rejects_inner_foreign_target_but_ignores_it_for_instance_receiver ... ok
test player::gif::control_tests::a_paused_animation_holds_its_frame ... ok
test player::gif::control_tests::resuming_restarts_the_clock_rather_than_jumping ... ok
test player::gif::tests::a_long_pause_resyncs_instead_of_catching_up ... ok
test player::gif::tests::advances_on_its_own_delays_and_wraps ... ok
test player::gif::tests::recognises_both_gif_signatures ... ok
test player::flash_binding_state_tests::stale_flash_action_does_not_drop_a_live_tail_action ... ok
test player::gif::tests::single_frame_never_advances ... ok
test player::flash_binding_state_tests::root_player_ids_stay_local_and_legacy_children_use_synthetic_flash_keys ... ok
test player::gif::tests::decodes_frames_into_bitmaps ... ok
test player::handler_code_lifetime_tests::owned_handler_code_survives_source_replacement_until_context_drop ... ok
test player::flash_binding_state_tests::stale_flash_generation_is_rejected_before_native_transport ... ok
test player::flash_binding_state_tests::player_reset_replaces_flash_authority_and_retires_old_capability ... ok
test player::font::owned_system_font_tests::system_font_install_requires_live_matching_owner ... ok
test player::gif::control_tests::a_movie_change_forgets_every_animation ... ok
test player::handlers::datum_handlers::bitmap::tests::direct_bitmap_handlers_produce_duplicate_copy_and_reject_stale_or_foreign_handles ... ok
test player::handler_gap_tests::a_mouse_handler_does_not_hold_input ... ok
test player::handlers::datum_handlers::cast_member::havok::reindex_tests::reindex_drops_cables_anchored_to_a_deleted_body ... ok
test player::handlers::datum_handlers::cast_lib::tests::foreign_receiver_and_consumed_argument_are_typed_invalid_references ... ok
test player::handlers::datum_handlers::cast_member::havok::reindex_tests::reindex_shifts_meshes_after_a_removed_body ... ok
test player::handlers::datum_handlers::cast_member::havok::reindex_tests::reindex_handles_the_last_body_and_multiple_removals ... ok
test player::handlers::datum_handlers::cast_member::bitmap::tests::bitmap_member_image_get_set_rejects_stale_and_foreign_handles ... ok
test player::handlers::datum_handlers::cast_lib::tests::count_ignores_extra_arguments_and_get_prop_ref_returns_missing_member_ref ... ok
test player::handlers::datum_handlers::list_handlers::tests::add_without_args_uses_generic_texture_coordinate_fallback ... ok
test player::handlers::datum_handlers::list_handlers::tests::duplicate_dispatch_returns_an_independent_list_reference ... ok
test player::handlers::datum_handlers::list_handlers::tests::rejected_foreign_mutation_preserves_cache_generation ... ok
test player::handlers::datum_handlers::list_handlers::tests::foreign_sort_and_matrix_row_rejections_preserve_state ... ok
test player::handlers::datum_handlers::list_handlers::tests::ordinary_and_xml_lists_keep_their_indexing_conventions ... ok
test player::handlers::datum_handlers::list_handlers::tests::join_uses_displayed_symbols_and_debug_quotes_fallback ... ok
test player::handlers::datum_handlers::list_handlers::tests::set_at_nonpositive_validates_receiver_but_not_unused_value ... ok
test player::handlers::datum_handlers::list_handlers::tests::sorted_add_and_stable_sort_preserve_order_and_void_comparisons ... ok
test player::handlers::datum_handlers::prop_list::tests::builtin_properties_are_available_and_explicit_properties_shadow_them ... ok
test player::handlers::datum_handlers::prop_list::tests::debug_ref_format_distinguishes_void_and_foreign ... ok
test player::handlers::datum_handlers::list_handlers::tests::search_stops_before_later_foreign_candidate ... ok
test player::handlers::datum_handlers::list_handlers::tests::unknown_foreign_list_property_is_rejected_before_void_fallback ... ok
test player::handlers::datum_handlers::list_handlers::tests::w3d_texture_layer_add_uses_first_cast_context_and_interned_composite_name ... ok
test player::handlers::datum_handlers::prop_list::tests::duplicate_rejects_formerly_local_stale_script_var_and_timeout_handles ... ok
test player::handlers::datum_handlers::prop_list::tests::duplicate_rejects_nested_foreign_script_var_and_timeout_handles ... ok
test player::handlers::datum_handlers::prop_list::tests::foreign_mutation_operand_is_rejected_before_prop_list_changes ... ok
test player::handlers::datum_handlers::prop_list::tests::duplicate_is_independent_and_rejects_nested_foreign_symbols ... ok
test player::handlers::datum_handlers::prop_list::tests::sort_is_stable_sets_owned_flag_and_lookup_stops_before_later_foreign_value ... ok
test player::handlers::datum_handlers::prop_list::tests::real_context_dispatch_preserves_fallback_prefix_and_foreign_probe_errors ... ok
test player::handlers::datum_handlers::prop_list::tests::lookup_preserves_exact_spelling_first_match_and_numeric_symbols ... ok
test player::handlers::datum_handlers::sound_channel::fade_tests::fades_are_in_milliseconds ... ok
test player::handlers::datum_handlers::sound_channel::fade_tests::fade_out_stops_the_channel_when_silent ... ok
test player::handlers::datum_handlers::prop_list::tests::instance_string_sub_prop_uses_table_interning ... ok
test player::handlers::datum_handlers::sound_channel::rate_shift_tests::cue_clock_tracks_source_time_at_shifted_rate ... ok
test player::handlers::datum_handlers::sound_channel::rate_shift_tests::rate_shift_is_in_semitones_and_rejects_invalid_rates ... ok
test player::handlers::datum_handlers::sound_channel::pcm_guard_tests::a_zero_frame_size_is_an_error_not_a_panic ... ok
test player::handlers::datum_handlers::sound_channel::stop_tests::stop_empties_the_playlist ... ok
test player::handlers::datum_handlers::string_chunk::chunk_write_tests::a_range_inside_keeps_both_sides ... ok
test player::handlers::datum_handlers::string_chunk::chunk_write_tests::a_range_past_the_end_replaces_to_the_end ... ok
test player::handlers::datum_handlers::string_chunk::tests::delete_word_basic_and_delimiters ... ok
test player::handlers::datum_handlers::string_chunk::tests::delete_word_preserves_leading_whitespace ... ok
test player::handlers::datum_handlers::string_chunk::tests::word_range_preserves_original_delimiters ... ok
test player::handlers::datum_handlers::script_instance::tests::checked_ancestor_boundaries_preserve_void_and_reject_foreign_fallbacks ... ok
test player::handlers::datum_handlers::sync_dispatch_tests::async_cast_handlers_stay_unsupported_for_sync_driver ... ok
test player::handlers::datum_handlers::script_instance::tests::first_argument_resolution_preserves_precedence_and_rejects_foreign_refs ... ok
test player::handlers::datum_handlers::sprite::tests::camera_foreign_view_name_returns_invalid_reference ... ok
test player::handlers::datum_handlers::timeout::tests::set_at_ancestor_ignores_receiver_value_and_extra_arguments ... ok
test player::handlers::datum_handlers::sync_dispatch_tests::unknown_sprite_handlers_stay_on_pending_path ... ok
test player::handlers::datum_handlers::timeout::tests::unscheduled_timeout_target_ignores_foreign_value ... ok
test player::handlers::datum_handlers::timeout::tests::scheduled_timeout_rejects_foreign_target_before_mutation ... ok
test player::events::owned_event_scope_tests::event_owner_availability_rechecks_pause_after_wait ... ok
test player::handlers::datum_handlers::sync_dispatch_tests::foreign_handler_and_receiver_are_typed_invalid_references ... ok
test player::handlers::datum_handlers::vector::tests::parent_writeback_marks_the_parent_transform ... ok
test player::handlers::types::ownership_tests::filter_ignores_local_non_property_second_argument ... ok
test player::host_events::tests::coalescing_does_not_cross_ordered_transitions_or_error_edges ... ok
test player::host_events::tests::bounded_mailbox_coalesces_only_state_snapshots ... ok
test player::host_events::tests::detached_host_batch_is_prepended_ahead_of_reentrant_events ... ok
test player::host_events::tests::native_mailbox_overflow_can_retry_in_order_after_drain ... ok
test player::host_events::tests::native_mailbox_preserves_owner_identity_for_sibling_players ... ok
test player::js_lingo::builtins::tests::default_seed_preserves_xorshift_sequence ... ok
test player::js_lingo::builtins::tests::interleaved_runtimes_keep_independent_sequences ... ok
test player::handlers::movie::tests::member_existing_cast_member_does_not_consume_unused_cast_argument ... ok
test player::js_lingo::builtins::tests::reseed_replays_and_values_stay_in_range ... ok
test player::js_lingo::builtins::tests::same_seed_replays_and_different_seeds_diverge ... ok
test player::handlers::types::ownership_tests::filter_rejects_foreign_retained_property_entry ... ok
test player::js_lingo::builtins::tests::zero_seed_is_rejected_without_mutating_state ... ok
test player::js_lingo::interp_tests::add_2_3_returns_5 ... ok
test player::js_lingo::interp_tests::add_with_strings_concatenates ... ok
test player::js_lingo::interp_tests::array_literal_and_length_property ... ok
test player::js_lingo::interp_tests::bridge_trace_alone_for_on_preparemovie ... ok
test player::js_lingo::interp_tests::bridge_routes_trace_sprite_and_go_from_js_mov ... ok
test player::js_lingo::interp_tests::decompile_nested_short_circuit_expressions ... ok
test player::js_lingo::interp_tests::dump_add_function_bindings ... ok
test player::js_lingo::interp_tests::decompile_jsMov_program_emits_recognisable_js ... ok
test player::events::owned_event_scope_tests::receiver_event_loop_retires_on_reset_without_cross_session_state ... ok
test player::js_lingo::interp_tests::dump_on_preparemovie_disasm ... ok
test player::js_lingo::interp_tests::dump_on_mouseup_disasm ... ok
test player::js_lingo::interp_tests::nested_interpreted_call_shares_budget_and_restores_depth_after_throw ... ok
test player::js_lingo::interp_tests::on_preparemovie_invokes_trace_with_correct_string ... ok
test player::js_lingo::interp_tests::program_hoists_globals_and_inits_them ... ok
test player::handlers::types::ownership_tests::list_rejects_foreign_retained_argument ... ok
test player::js_lingo::interp_tests::stdlib_isnan_recognises_nan ... ok
test player::js_lingo::interp_tests::stdlib_array_push_pop_join ... ok
test player::js_lingo::interp_tests::stdlib_math_pi_and_sqrt ... ok
test player::js_lingo::interp_tests::stdlib_parseint_radix_and_default ... ok
test player::js_lingo::interp_tests::stdlib_string_to_upper_and_length ... ok
test player::js_lingo::interp_tests::stdlib_math_floor_ceil_round ... ok
test player::js_lingo::interp_tests::synth_array_literal_via_initelem ... ok
test player::js_lingo::interp_tests::synth_arithmetic_chain ... ok
test player::js_lingo::interp_tests::synth_closure_captures_outer_arg ... ok
test player::js_lingo::interp_tests::synth_extended_jump_offsets ... ok
test player::js_lingo::interp_tests::synth_forin_array_walks_indices ... ok
test player::js_lingo::interp_tests::synth_forin_counts_keys ... ok
test player::js_lingo::interp_tests::synth_jump_and_compare ... ok
test player::js_lingo::interp_tests::synth_pre_increment_var ... ok
test player::js_lingo::interp_tests::synth_string_concat_and_compare ... ok
test player::js_lingo::interp_tests::synth_tableswitch_routes_to_correct_case ... ok
test player::js_lingo::interp_tests::synth_throw_propagates_as_jserror ... ok
test player::js_lingo::interp_tests::synth_try_catch_no_throw_returns_value ... ok
test player::js_lingo::interp_tests::synth_try_catch_recovers_thrown_value ... ok
test player::js_lingo::interp_tests::synth_typeof_returns_correct_strings ... ok
test player::js_lingo::tests::add_function_is_exactly_three_instructions_and_return ... ok
test player::js_lingo::tests::iter_ops_consumes_every_byte_of_each_script ... ok
test player::js_lingo::tests::on_mouseup_has_loop_and_conditional ... ok
test player::js_lingo::tests::on_preparemovie_calls_trace_with_concat ... ok
test player::js_lingo::tests::disassembly_renders_full_program_tree ... ok
test player::js_lingo::tests::signed_jump_operand_reads_negative ... ok
test player::js_lingo::tests::top_level_atoms_include_globals_and_functions ... ok
test player::js_lingo::tests::top_level_program_prologue ... ok
test player::js_lingo::tests::top_level_script_header ... ok
test player::js_lingo_loader::registry_tests::explicit_object_call_fences_reset_before_converting_late_result ... ok
test player::js_lingo_loader::registry_tests::explicit_object_call_allows_weak_same_runtime_reentry ... ok
test player::js_lingo_loader::registry_tests::js_object_clear_drops_handles_and_new_owner_cannot_reuse_old_capability ... ok
test player::js_lingo_loader::registry_tests::js_object_handles_are_owner_bound_when_numeric_ids_collide ... ok
test player::js_lingo_loader::registry_tests::js_object_id_collision_is_transactional_and_same_object_reuses_id ... ok
test player::js_lingo_loader::registry_tests::js_object_id_exhaustion_is_transactional ... ok
test player::handlers::types::ownership_tests::new_matrix_keeps_local_fallback_but_rejects_foreign_consumed_cell ... ok
test player::js_lingo_loader::registry_tests::js_object_property_key_prefers_exact_case_before_lingo_fallback ... ok
test player::js_lingo_loader::registry_tests::js_object_property_lookup_preserves_exact_and_prototype_resolution ... ok
test player::js_lingo_loader::registry_tests::explicit_object_call_get_set_use_real_owner_bound_sessions ... ok
test player::js_lingo_loader::registry_tests::explicit_object_call_round_trips_real_script_proxy_and_reenters_runtime ... ok
test player::js_lingo_loader::registry_tests::js_object_registration_rejects_stale_owner_before_mutation ... ok
test player::keyboard::tests::a_key_still_down_wins_over_the_last_release ... ok
test player::js_lingo_loader::registry_tests::explicit_object_call_rejects_cyclic_array_and_plain_object_results ... ok
test player::keyboard::tests::the_key_survives_the_release ... ok
test player::js_lingo_loader::registry_tests::explicit_object_set_rejects_nested_foreign_value_before_mutation ... ok
test player::js_lingo_loader::registry_tests::owner_scheduler_evaluates_interpreted_factory_global_value_routes ... ok
test player::js_lingo_loader::registry_tests::owner_scheduler_completes_nested_value_operands_lists_and_js_globals ... ok
test player::js_lingo_loader::registry_tests::js_object_player_reset_clears_registry_and_reuses_id_safely ... ok
test player::movie::property_tests::foreign_movie_outgoing_event_instance_is_rejected ... ok
test player::movie::property_tests::actor_list_getter_preserves_shared_reference ... ok
test player::movie::property_tests::actor_list_rejects_foreign_retained_ref ... ok
test player::movie::property_tests::foreign_movie_retained_event_instance_is_rejected ... ok
test player::movie::property_tests::foreign_movie_property_symbol_is_rejected_before_dispatch ... ok
test player::nested::tests::activation_filters_normal_and_unloaded_members ... ok
test player::nested::tests::allocation_skips_live_players_and_reports_bounded_exhaustion ... ok
test player::movie::property_tests::globals_rejects_foreign_value_ref_without_panicking ... ok
test player::nested::tests::registration_rejects_foreign_parent_and_take_is_recursive_per_parent ... ok
test player::nested::tests::stale_child_capability_cannot_be_selected_or_routed ... ok
test player::nested::tests::stale_identity_cleanup_cannot_remove_numeric_replacement ... ok
test player::ownership::tests::checked_owner_generation_rejects_exhaustion_without_wrapping ... ok
test player::ownership::tests::identity_is_stronger_than_equal_transitional_keys ... ok
test player::ownership::tests::independent_owners_can_run_on_separate_threads ... ok
test player::ownership::tests::reset_rejects_new_handles_and_invalidates_queue ... ok
test player::movie::property_tests::timeout_list_ignores_foreign_payload_nested_in_non_timeout_entry ... ok
test player::movie::property_tests::ignored_movie_write_does_not_inspect_foreign_payload ... ok
test player::nested::tests::pointer_route_uses_topmost_visible_channel_and_child_coordinates ... ok
test player::scope::tests::inline_materialization_stays_in_its_owner_arena ... ok
test player::scope::tests::discard_drops_inline_values_without_materializing_them ... ok
test player::movie::property_tests::globals_skips_constant_before_foreign_unused_value_check ... ok
test player::scope_token_tests::cancellation_after_stop_boundary_waits_for_transition_without_replaying_old_stop ... ok
test player::scope::tests::repeated_materialization_reuses_the_cached_handle ... ok
test player::movie::property_tests::globals_rejects_foreign_dynamic_key ... ok
test player::scope_token_tests::non_top_teardown_does_not_mutate_replacement_state ... ok
test player::scope_token_tests::eager_cast_replacement_keeps_setup_anchor_and_owned_plan_valid ... ok
test player::scope_token_tests::owned_filmloop_advancement_invalidates_cache_and_holds_one_shot_end_frame ... ok
test player::scope_token_tests::post_await_unwind_and_return_guards_leave_stale_scopes_untouched ... ok
test player::scope_token_tests::owned_stop_cleanup_error_is_propagated_and_replay_is_consumed ... ok
test player::scope_token_tests::owner_generation_and_epoch_are_required_for_scope_access ... ok
test player::scope_token_tests::reset_core_clears_transient_bitmap_records_after_allocator_sweep ... ok
test player::scope_token_tests::reset_owned_core_owner_generation_exhaustion_preserves_player_state ... ok
test player::scope_token_tests::cancelled_movie_transition_restores_only_the_captured_owner_flags ... ok
test player::scope_token_tests::scope_epoch_exhaustion_is_explicit - should panic ... ok
test player::scope_token_tests::owned_stop_ends_persistent_stage_and_filmloop_spans_once ... ok
test player::scope_token_tests::scope_generation_exhaustion_is_explicit - should panic ... ok
test player::scope_token_tests::reset_during_pending_stop_cancels_old_owner_without_touching_replacement ... ok
test player::scope_token_tests::setup_expectation_anchors_parent_and_rejects_stack_epoch_changes ... ok
test player::score::property_tests::script_instance_list_getter_rejects_foreign_cached_list ... ok
test player::score::property_tests::score_getters_reject_foreign_initial_script_instance_before_cache_mutation ... ok
test player::score::rect_tests::a_normal_rect_is_untouched ... ok
test player::score::property_tests::script_instance_list_getter_shares_cached_list_reference ... ok
test player::score::rect_tests::inverted_corners_are_swapped ... ok
test player::handler_gap_tests::a_reset_cancels_a_pending_gap_without_touching_the_replacement ... ok
test player::score::property_tests::invalid_sprite_write_keeps_foreign_name_ignored ... ok
test player::session::callback_tests::declined_external_probe_lowers_async_builtin_to_typed_movie_request ... ok
test player::score::property_tests::script_instance_list_noop_rejects_same_id_foreign_refs ... ok
test player::handler_gap_tests::a_retired_owner_cancels_before_input_mutation ... ok
test player::session::callback_tests::evaluator_claimed_host_error_consumes_action ... ok
test player::session::callback_tests::evaluator_child_prepared_route_runs_real_child_to_completion ... ok
test player::session::callback_tests::evaluator_external_probe_decline_redispatches_builtin_once ... ok
test player::session::callback_tests::evaluator_external_probe_child_sequence_preserves_initial_result ... ok
test player::score::property_tests::sprite_property_symbols_are_owner_checked ... ok
test player::session::callback_tests::evaluator_external_host_can_reenter_and_reset_rejects_late_completion ... ok
test player::session::callback_tests::evaluator_object_xtra_call_leaves_the_host_request_owned ... ok
test player::session::callback_tests::evaluator_sync_xtra_close_completes_receiver_and_drains_teardown ... ok
test player::session::callback_tests::evaluator_unloaded_new_leaves_a_real_owner_load_request ... ok
test player::session::callback_tests::evaluator_declined_host_reset_rejects_fallback_and_consumes_action ... ok
test player::session::callback_tests::evaluator_flash_request_uses_owned_transport_and_consumes_native_failure ... ok
test player::session::callback_tests::nested_callback_preserves_primary_driver_and_pass_result ... ok
test player::session::callback_tests::nested_callback_external_load_wait_is_cancelled_by_owner_reset ... ok
test player::session::callback_tests::nested_callback_runs_actual_movie_async_child_through_command_pump ... ok
test player::session::callback_tests::nested_callback_preserves_non_abort_error ... ok
test player::session::tests::cached_snapshot_waits_behind_network_cast ... ok
test player::session::callback_tests::reset_retires_evaluator_child_driver_and_callback_scope ... ok
test player::session::callback_tests::reset_rejects_late_child_and_primary_completions ... ok
test player::session::callback_tests::requeued_real_eval_action_retires_old_route_before_final_receiver_result ... ok
test player::session::tests::cancellation_rejects_old_completion_and_allows_replacement ... ok
test player::session::callback_tests::reset_cancels_sibling_detached_eval_receivers_once ... ok
test player::session::tests::dispatch_global_rejects_retired_player_before_builtin_work ... ok
test player::session::tests::detached_notification_batch_preserves_replacement_generation ... ok
test player::session::tests::duplicate_buffered_completion_is_rejected ... ok
test player::session::tests::dropped_callback_rejects_late_driver_completion ... ok
test player::session::tests::deferred_datum_snapshot_retains_reference_identity_until_drain ... ok
test player::session::tests::missing_cast_retires_all_stale_queue_entries ... ok
test player::session::tests::duplicate_player_id_preserves_existing_player ... ok
test player::session::tests::native_foreign_datum_error_consumes_only_failure_and_retries_tail ... ok
test player::session::tests::native_host_backpressure_cancels_only_retained_owner_work ... ok
test player::session::tests::failed_playback_cleanup_consumes_same_owner_replay_without_restarting ... ok
test player::session::tests::interleaved_players_drain_only_their_own_cast_order ... ok
test player::session::tests::out_of_order_completion_waits_for_cast_order ... ok
test player::session::tests::native_notification_capacity_is_partitioned_by_player ... ok
test player::session::tests::native_host_backpressure_stops_detached_drain_without_spill_queue ... ok
test player::session::tests::native_notification_drain_consumes_repeated_queue_without_js ... ok
test player::session::tests::player_owner_generation_exhaustion_fails_before_add_or_reset_mutation ... ok
test player::session::tests::player_owner_generation_is_not_reused_after_remove_and_readd ... ok
test player::session::tests::purge_for_player_a_publishes_invalid_player_b_cast_notifications_to_b ... ok
test player::session::tests::native_notification_drain_preserves_all_owned_kinds_for_two_players ... ok
test player::session::tests::removal_records_direct_player_reset_before_readd ... ok
test player::session::tests::repeated_preload_reason_preserves_mode_two_request ... ok
test player::session::tests::reset_player_owned_retires_old_fileio_task_state ... ok
test player::session::tests::resetting_parent_recursively_retires_nested_children ... ok
test player::session::tests::stale_owner_queue_entry_is_removed_without_touching_current_barrier ... ok
test player::session::tests::replaced_cast_reserves_fresh_capability_before_preload_check ... ok
test player::session::tests::player_owner_generation_high_water_survives_reset_remove_and_sibling_reuse ... ok
test player::stage::tests::stretch_fill_matches_container ... ok
test player::session::tests::scheduled_notification_marker_replaces_stale_owner_without_old_clear ... ok
test player::stage::tests::stretch_meet_letterboxes_inside_stage ... ok
test player::stage::tests::stretch_none_keeps_authored_movie_size ... ok
test player::stage::tests::stretch_stage_resizes_stage_without_scaling_content ... ok
test player::stage::tests::source_rect_write_ignores_foreign_value ... ok
test player::stage::tests::foreign_stage_property_symbol_is_rejected_before_dispatch ... ok
test player::symbols::builtin::stability_tests::builtin_order_and_ids_match_golden_fixture ... ok
test player::symbols::symbol::tests::builtin_conversion_rejects_foreign_symbol_without_panicking ... ok
test player::symbols::symbol_table::hash_tests::parallel_owner_work_overlaps_without_shared_state ... ok
test player::session::tests::w3d_clocks_are_interleaved_per_player_and_reset_with_owner ... ok
test player::symbols::symbol::tests::builtin_conversion_reports_local_display_spelling ... ok
test player::symbols::symbol_table::tests::builtin_alias_keeps_stable_ids_and_first_display ... ok
test player::symbols::symbol_table::tests::authoritative_claim_is_first_writer_and_reset_restores_baseline ... ok
test player::symbols::symbol_table::tests::parallel_tables_are_independent_without_global_state ... ok
test player::symbols::symbol_table::tests::equal_numeric_owner_keys_do_not_cross_validate ... ok
test player::symbols::symbol_table::hash_tests::foreign_symbols_have_stable_hashes_but_are_not_equal ... ok
test player::value_transfer::tests::snapshot_remaps_symbols_and_import_preserves_builtins ... ok
test player::symbols::symbol_table::tests::interleaved_tables_keep_independent_ids_and_text ... ok
test player::value_transfer::tests::transfer_preserves_sorted_proplist_keys_values_and_aliases ... ok
test player::value_transfer::tests::transfer_preserves_datum_backed_string_chunk_source_and_cache ... ok
test player::value_transfer::tests::transfer_rejects_foreign_nested_and_unsupported_refs_before_mutation ... ok
test player::value_transfer::tests::snapshot_survives_source_reset_and_destination_owner_is_checked ... ok
test player::value_transfer::tests::transfer_preserves_aliases_without_aliasing_source ... ok
test player::virtual_scripts::tests::foreign_property_names_fail_before_instance_or_datum_allocation ... ok
test player::xtra::external::tests::all_cancelled_load_attempt_cannot_complete_a_new_same_name_attempt ... ok
test player::virtual_scripts::tests::inherited_receiver_can_call_an_explicit_ancestor_script_handler ... ok
test player::virtual_scripts::tests::foreign_name_is_rejected_before_an_absent_script_or_default_lookup ... ok
test player::xtra::external::tests::cancelling_load_leader_keeps_shared_attempt_for_surviving_sibling ... ok
test player::xtra::external::tests::duplicate_continuation_attachment_is_rejected_without_replacing_original ... ok
test player::xtra::external::tests::foreign_begin_does_not_drop_completed_receiver ... ok
test player::xtra::external::tests::live_request_id_collision_is_rejected_instead_of_reused ... ok
test player::xtra::external::tests::load_capabilities_reject_foreign_state_with_same_request_id ... ok
test player::xtra::external::tests::load_capabilities_reject_same_owner_from_foreign_state ... ok
test player::xtra::external::tests::logically_cancelled_attempt_is_not_reused_before_mailbox_drain ... ok
test player::xtra::external::tests::request_id_counter_exhaustion_does_not_wrap ... ok
test player::xtra::external::tests::reset_rotates_capability_nonce_before_reusing_request_id ... ok
test player::xtra::external::tests::retired_probe_owner_is_rejected_before_host_dispatch ... ok
test player::xtra::external::tests::nested_host_requests_preserve_operation_identity_and_wire_args ... ok
test player::xtra::external::tests::stale_same_name_completion_cannot_satisfy_newer_attempt ... ok
test player::value_transfer::tests::transfer_rejects_self_and_indirect_cycles_before_destination_mutation ... ok
test player::virtual_scripts::tests::register_and_create_javascript_proxy_preserve_virtual_cast_shape ... ok
test player::xtra::external::tests::successful_load_retains_original_operation_until_taken ... ok
test player::xtra::external::tests::synchronous_completion_retains_receiver_until_executor_takes_it ... ok
test player::xtra::external::tests::borrowed_host_dispatch_refuses_plugin_reentry_boundary ... ok
test player::xtra::external::tests::selected_probe_identity_survives_finish_boundary ... ok
test player::value_transfer::tests::transfer_handles_deep_acyclic_dags_iteratively ... ok
test player::virtual_scripts::tests::session_players_keep_virtual_instances_separate ... ok
test player::xtra::leechprotection::tests::disable_flags_are_set ... ok
test player::xtra::manager::tests::budapi_host_intent_cannot_cross_players ... ok
test player::xtra::leechprotection::tests::external_params_keep_insertion_order ... ok
test player::xtra::leechprotection::tests::forced_props_survive_a_movie_write ... ok
test player::xtra::leechprotection::tests::fakes_the_environment ... ok
test player::xtra::manager::tests::external_multiuser_and_curl_dispatch_respects_precedence ... ok
test player::xtra::manager::tests::fileio_open_request_is_rejected_after_reset_and_id_reuse ... ok
test player::xtra::manager::tests::fileio_remote_open_error_preserves_legacy_mode_codes ... ok
test player::xtra::manager::tests::fileio_virtual_files_survive_instance_reset_but_instances_do_not ... ok
test player::xtra::manager::tests::budapi_host_intent_reentry_is_borrow_free_and_reset_rejects_late_result ... ok
test player::xtra::manager::tests::pending_intent_is_bound_to_owner_and_instance_generation ... ok
test player::xtra::manager::tests::fileio_old_task_completion_cannot_satisfy_reused_task_id ... ok
test player::xtra::manager::tests::budapi_state_is_owner_local_and_foreign_args_are_rejected ... ok
test player::xtra::manager::tests::reset_retains_exact_teardown_identity_for_owned_instances ... ok
test player::xtra::manager::tests::fileio_open_snapshots_resolved_url_before_network_config_changes ... ok
test player::xtra::manager::tests::fileio_missing_open_prepares_owned_request_for_all_modes ... ok
test player::xtra::manager::tests::prepared_intent_is_rejected_after_close_and_id_reuse ... ok
test player::xtra::multiuser::blowfish::tests::test_encrypt_decrypt_roundtrip ... ok
test player::xtra::manager::tests::fileio_failed_open_uses_production_completion_for_each_mode ... ok
test player::xtra::multiuser::blowfish::tests::test_encrypt_decrypt_unaligned ... ok
test player::xtra::multiuser::blowfish::tests::test_reset_produces_same_output ... ok
test player::xtra::multiuser::blowfish::tests::test_stream_mode_no_reset ... ok
test player::xtra::multiuser::socket_event_tests::stale_and_removed_events_are_discarded_without_mutating_current_instance ... ok
test player::xtra::scene3d::tests::stores_isolate_overlapping_tags_and_reset ... ok
test player::xtra::manager::tests::session_reset_drains_active_xtra_teardown_after_borrow_release ... ok
test player::xtra::scene3d::tests::player_reset_clears_only_its_scene_store ... ok
test player::xtra::manager::tests::session_drains_normal_close_teardown_after_borrow_release ... ok
test rendering_gpu::webgl2::xtra_scene::tests::renderer_cache_binding_uses_owner_identity_not_equal_keys ... ok
test player::xtra::sysmenu::tests::manager_owner_must_match_player_before_dispatch ... ok
test player::xtra::manager::tests::remove_moves_active_xtra_resources_before_player_drop ... ok
test player::xtra::sysmenu::tests::foreign_argument_is_rejected_before_menu_mutation ... ok
test player::xtra::manager::tests::sysmenu_host_reentry_is_borrow_free_and_late_result_is_rejected ... ok
test player::xtra::sysmenu::tests::menu_state_is_owner_local_and_reset_does_not_touch_other_owner ... ok
test player::xtra::manager::tests::multiuser_and_curl_instances_are_local_to_each_owner ... ok
test player::handler_gap_tests::input_waits_until_the_frame_handler_returns ... ok
test player::profiling::speedscope_tests::speedscope_sampler_roundtrip ... ok
test player::interp_bench::bytecode_throughput ... ok

test result: ok. 573 passed; 0 failed; 0 ignored; 0 measured; 0 filtered out; finished in 0.32s

